AR ad1refcomp ad1 D:/Code/Verilog/Touchscreen/AD1RefComp.vhd sub00/vhpl01 1304554514
MO Touchscreen NULL Touchscreen.v vlg53/_touchscreen.bin 1304554513
EN ad1refcomp NULL D:/Code/Verilog/Touchscreen/AD1RefComp.vhd sub00/vhpl00 1304554513
MO LEDDriver NULL LEDDriver.v vlg6D/_l_e_d_driver.bin 1304554513
