MO ExecuteCommand NULL ExecuteCommand.v vlg2A/_execute_command.bin 1298785428
MO receiveSD NULL receiveSD.v vlg0E/receive_s_d.bin 1298785427
MO SDCard NULL SDCard.v vlg01/_s_d_card.bin 1298785428
MO SDtempRAM NULL ipcore_dir/SDtempRAM.v vlg45/_s_dtemp_r_a_m.bin 1298785426
MO blockReceiveSD NULL blockReceiveSD.v vlg79/block_receive_s_d.bin 1298785427
MO sendSD NULL sendSD.v vlg41/send_s_d.bin 1298785426
MO SDCardReader NULL SDCardReader.v vlg24/_s_d_card_reader.bin 1298785428
MO LEDDriver NULL LEDDriver.v vlg6D/_l_e_d_driver.bin 1298785428
